// Jest Snapshot v1, https://goo.gl/fbAQLP

exports[`renderers without crashing 1`] = `ShallowWrapper {}`;
